0001 0000                      		.i8080
0003 0000                      		entry:
0004 0000 C3 24 00             		    jmp main
0006 0003                      		__padd16:
0007 0003 4E                   		    mov c, m
0008 0004 23                   		    inx h
0009 0005 46                   		    mov b, m
0010 0006 EB                   		    xchg
0011 0007 0B                   		    dcx b
0012 0008 EB                   		    xchg
0013 0009 73                   		    mov m, e
0014 000A 2B                   		    dcx h
0015 000B 72                   		    mov m, d
0016 000C 69                   		    mov l, c
0017 000D 60                   		    mov h, b
0018 000E C9                   		    ret
0020 000F                      		__sadd16:
0021 000F 4E                   		    mov c, m
0022 0010 23                   		    inx h
0023 0011 46                   		    mov b, m
0024 0012 EB                   		    xchg
0025 0013 0B                   		    dcx b
0026 0014 EB                   		    xchg
0027 0015 73                   		    mov m, e
0028 0016 2B                   		    dcx h
0029 0017 72                   		    mov m, d
0030 0018 C9                   		    ret
0032 0019                      		__sgnb0:
0033 0019 6F                   		    mov l, a
0034 001A 26 00                		    mvi h, 0
0035 001C C9                   		    ret
0037 001D                      		__or16:
0038 001D 7C                   		    mov a, h
0039 001E B2                   		    ora d
0040 001F 67                   		    mov h, a
0041 0020 7D                   		    mov a, l
0042 0021 B3                   		    ora e
0043 0022 6F                   		    mov l, a
0044 0023 C9                   		    ret
0100 0024                      		main:
0100 0024                      		//56     i = 1;
0100 0024 21 3A 00             		    lxi h, 03Ah
0100 0027 36 01                		    mvi m, 01h
0100 0029                      		//57     i = 2;
0100 0029 36 02                		    mvi m, 02h
0100 002B                      		//58     i = 3;
0100 002B 36 03                		    mvi m, 03h
0100 002D                      		//60     i = ~i;
0100 002D 7E                   		    mov a, m
0100 002E 2F                   		    cma
0100 002F                      		//61     j = i;
0100 002F 32 3A 00             		    sta 03Ah
0100 0032 7E                   		    mov a, m
0100 0033                      		//87     for(;;);    
0100 0033 32 3B 00             		    sta 03Bh
0100 0036 C3 36 00             		    jmp 036h
0100 0039 C9                   		    ret
0101 0042 