0001 0000                      		.i8080
0003 0000                      		entry:
0004 0000 C3 07 00             		    jmp main
0006 0003                      		__sgnb0:
0007 0003 6F                   		    mov l, a
0008 0004 26 00                		    mvi h, 0
0009 0006 C9                   		    ret
0031 0007                      		main:
0031 0007 21 EE FF             		    lxi h, 65518
0031 000A 39                   		    dad sp
0031 000B F9                   		    sphl
0031 000C                      		//20     for(i=0;;i++)
0031 000C 21 00 00             		    lxi h, 0
0031 000F 39                   		    dad sp
0031 0010 11 10 00             		    lxi d, 16
0031 0013 19                   		    dad d
0031 0014 36 00                		    mvi m, 0
0031 0016                      		//21     {
0031 0016 21 00 00             		    lxi h, 0
0031 0019 39                   		    dad sp
0031 001A 11 00 00             		    lxi d, 0
0031 001D 19                   		    dad d
0031 001E E5                   		    push h
0031 001F 21 02 00             		    lxi h, 2
0031 0022 39                   		    dad sp
0031 0023 11 10 00             		    lxi d, 16
0031 0026 19                   		    dad d
0031 0027 7E                   		    mov a, m
0031 0028 E6 0F                		    ani 15
0031 002A CD 03 00             		    call 3
0031 002D 11 41 00             		    lxi d, 65
0031 0030 19                   		    dad d
0031 0031 EB                   		    xchg
0031 0032 E1                   		    pop h
0031 0033 73                   		    mov m, e
0031 0034                      		//23         str[1] = 13;
0031 0034 21 00 00             		    lxi h, 0
0031 0037 39                   		    dad sp
0031 0038 11 00 00             		    lxi d, 0
0031 003B 19                   		    dad d
0031 003C 11 01 00             		    lxi d, 1
0031 003F 19                   		    dad d
0031 0040 36 0D                		    mvi m, 13
0031 0042                      		//24         str[2] = 10;
0031 0042 21 00 00             		    lxi h, 0
0031 0045 39                   		    dad sp
0031 0046 11 00 00             		    lxi d, 0
0031 0049 19                   		    dad d
0031 004A 11 02 00             		    lxi d, 2
0031 004D 19                   		    dad d
0031 004E 36 0A                		    mvi m, 10
0031 0050                      		//25         str[3] = 0;
0031 0050 21 00 00             		    lxi h, 0
0031 0053 39                   		    dad sp
0031 0054 11 00 00             		    lxi d, 0
0031 0057 19                   		    dad d
0031 0058 11 03 00             		    lxi d, 3
0031 005B 19                   		    dad d
0031 005C 36 00                		    mvi m, 0
0031 005E                      		//26         puts(str);
0031 005E 21 00 00             		    lxi h, 0
0031 0061 39                   		    dad sp
0031 0062 11 00 00             		    lxi d, 0
0031 0065 19                   		    dad d
0031 0066 CD 18 F8             		    call 63512
0031 0069 21 00 00             		    lxi h, 0
0031 006C 39                   		    dad sp
0031 006D 11 10 00             		    lxi d, 16
0031 0070 19                   		    dad d
0031 0071 7E                   		    mov a, m
0031 0072 34                   		    inr m
0031 0073 C3 16 00             		    jmp 22
0031 0076 EB                   		    xchg
0031 0077 21 12 00             		    lxi h, 18
0031 007A 39                   		    dad sp
0031 007B F9                   		    sphl
0031 007C EB                   		    xchg
0031 007D C9                   		    ret
0032 007E 